2026-03-02 13:38:16,828 - __main__ - INFO - ======================================================================
2026-03-02 13:38:16,828 - __main__ - INFO - OSTICKET SEEDING ORCHESTRATION STARTED
2026-03-02 13:38:16,828 - __main__ - INFO - Start Time: 2026-03-02 13:38:16.828612
2026-03-02 13:38:16,828 - __main__ - INFO - Demo Mode: False
2026-03-02 13:38:16,828 - __main__ - INFO - ======================================================================
2026-03-02 13:38:16,999 - connection - INFO - Database connection pool initialized successfully
2026-03-02 13:38:17,000 - __main__ - INFO - Database connection established successfully
2026-03-02 13:38:17,000 - __main__ - INFO - 
2026-03-02 13:38:17,000 - __main__ - INFO - [1/12] Roles
2026-03-02 13:38:17,000 - __main__ - INFO - Dependencies: None
2026-03-02 13:38:17,000 - __main__ - INFO - Critical: True
2026-03-02 13:38:17,000 - __main__ - INFO - ----------------------------------------------------------------------
2026-03-02 13:38:17,016 - __main__ - INFO - [OK] Roles seeded successfully
2026-03-02 13:38:17,016 - __main__ - INFO -   Inserted: 0, Updated: 10
2026-03-02 13:38:17,016 - __main__ - INFO - 
2026-03-02 13:38:17,017 - __main__ - INFO - [2/12] Departments
2026-03-02 13:38:17,017 - __main__ - INFO - Dependencies: None
2026-03-02 13:38:17,017 - __main__ - INFO - Critical: True
2026-03-02 13:38:17,017 - __main__ - INFO - ----------------------------------------------------------------------
2026-03-02 13:38:17,026 - __main__ - INFO - [OK] Departments seeded successfully
2026-03-02 13:38:17,026 - __main__ - INFO -   Inserted: 0, Updated: 8
2026-03-02 13:38:17,026 - __main__ - INFO - 
2026-03-02 13:38:17,028 - __main__ - INFO - [3/12] SLAs
2026-03-02 13:38:17,028 - __main__ - INFO - Dependencies: None
2026-03-02 13:38:17,028 - __main__ - INFO - Critical: True
2026-03-02 13:38:17,028 - __main__ - INFO - ----------------------------------------------------------------------
2026-03-02 13:38:17,045 - __main__ - INFO - [OK] SLAs seeded successfully
2026-03-02 13:38:17,045 - __main__ - INFO -   Inserted: 0, Updated: 10
2026-03-02 13:38:17,045 - __main__ - INFO - 
2026-03-02 13:38:17,045 - __main__ - INFO - [4/12] Teams
2026-03-02 13:38:17,045 - __main__ - INFO - Dependencies: None
2026-03-02 13:38:17,045 - __main__ - INFO - Critical: True
2026-03-02 13:38:17,045 - __main__ - INFO - ----------------------------------------------------------------------
2026-03-02 13:38:17,061 - __main__ - INFO - [OK] Teams seeded successfully
2026-03-02 13:38:17,061 - __main__ - INFO -   Inserted: 0, Updated: 7
2026-03-02 13:38:17,061 - __main__ - INFO - 
2026-03-02 13:38:17,061 - __main__ - INFO - [5/12] Staff
2026-03-02 13:38:17,061 - __main__ - INFO - Dependencies: Roles, Departments
2026-03-02 13:38:17,061 - __main__ - INFO - Critical: True
2026-03-02 13:38:17,061 - __main__ - INFO - ----------------------------------------------------------------------
2026-03-02 13:38:17,077 - passlib.handlers.bcrypt - WARNING - (trapped) error reading bcrypt version
Traceback (most recent call last):
  File "C:\Users\karan\Downloads\github\osTicket-docker\seeder\.venv\Lib\site-packages\passlib\handlers\bcrypt.py", line 620, in _load_backend_mixin
    version = _bcrypt.__about__.__version__
              ^^^^^^^^^^^^^^^^^
AttributeError: module 'bcrypt' has no attribute '__about__'
2026-03-02 13:38:20,205 - __main__ - INFO - [OK] Staff seeded successfully
2026-03-02 13:38:20,205 - __main__ - INFO -   Inserted: 0, Updated: 11
2026-03-02 13:38:20,205 - __main__ - INFO - 
2026-03-02 13:38:20,205 - __main__ - INFO - [6/12] Lists
2026-03-02 13:38:20,205 - __main__ - INFO - Dependencies: None
2026-03-02 13:38:20,205 - __main__ - INFO - Critical: True
2026-03-02 13:38:20,205 - __main__ - INFO - ----------------------------------------------------------------------
2026-03-02 13:38:20,219 - __main__ - INFO - [OK] Lists seeded successfully
2026-03-02 13:38:20,219 - __main__ - INFO -   Inserted: 0, Updated: 5
2026-03-02 13:38:20,219 - __main__ - INFO - 
2026-03-02 13:38:20,219 - __main__ - INFO - [7/12] List Items
2026-03-02 13:38:20,219 - __main__ - INFO - Dependencies: Lists
2026-03-02 13:38:20,219 - __main__ - INFO - Critical: True
2026-03-02 13:38:20,219 - __main__ - INFO - ----------------------------------------------------------------------
2026-03-02 13:38:20,226 - __main__ - INFO - [OK] List Items seeded successfully
2026-03-02 13:38:20,226 - __main__ - INFO -   Inserted: 0, Updated: 0
2026-03-02 13:38:20,226 - __main__ - INFO - 
2026-03-02 13:38:20,226 - __main__ - INFO - [8/12] Form Fields
2026-03-02 13:38:20,226 - __main__ - INFO - Dependencies: Lists
2026-03-02 13:38:20,226 - __main__ - INFO - Critical: True
2026-03-02 13:38:20,226 - __main__ - INFO - ----------------------------------------------------------------------
2026-03-02 13:38:20,242 - __main__ - INFO - [OK] Form Fields seeded successfully
2026-03-02 13:38:20,242 - __main__ - INFO -   Inserted: 0, Updated: 10
2026-03-02 13:38:20,242 - __main__ - INFO - 
2026-03-02 13:38:20,242 - __main__ - INFO - [9/12] Help Topics
2026-03-02 13:38:20,242 - __main__ - INFO - Dependencies: Departments, Teams, SLAs
2026-03-02 13:38:20,242 - __main__ - INFO - Critical: True
2026-03-02 13:38:20,242 - __main__ - INFO - ----------------------------------------------------------------------
2026-03-02 13:38:20,242 - base - INFO - Generating help topics...
2026-03-02 13:38:20,247 - base - INFO - Generated 83 help topics
2026-03-02 13:38:20,247 - base - INFO - [OK] All 83 topics validated successfully
2026-03-02 13:38:20,248 - base - INFO - Inserting 83 help topics...
2026-03-02 13:38:20,397 - base - INFO - [OK] Help topics seeding complete: 83 inserted, 0 updated
2026-03-02 13:38:20,397 - __main__ - INFO - [OK] Help Topics seeded successfully
2026-03-02 13:38:20,401 - __main__ - INFO -   Inserted: 83, Updated: 0
2026-03-02 13:38:20,401 - __main__ - INFO - 
2026-03-02 13:38:20,401 - __main__ - INFO - [10/12] Ticket Statuses
2026-03-02 13:38:20,401 - __main__ - INFO - Dependencies: None
2026-03-02 13:38:20,401 - __main__ - INFO - Critical: True
2026-03-02 13:38:20,401 - __main__ - INFO - ----------------------------------------------------------------------
2026-03-02 13:38:20,429 - __main__ - INFO - [OK] Ticket Statuses seeded successfully
2026-03-02 13:38:20,429 - __main__ - INFO -   Inserted: 0, Updated: 16
2026-03-02 13:38:20,429 - __main__ - INFO - 
2026-03-02 13:38:20,429 - __main__ - INFO - [11/12] Filters
2026-03-02 13:38:20,429 - __main__ - INFO - Dependencies: Help Topics
2026-03-02 13:38:20,429 - __main__ - INFO - Critical: False
2026-03-02 13:38:20,429 - __main__ - INFO - ----------------------------------------------------------------------
2026-03-02 13:38:20,456 - __main__ - INFO - [OK] Filters seeded successfully
2026-03-02 13:38:20,456 - __main__ - INFO -   Inserted: 0, Updated: 12
2026-03-02 13:38:20,456 - __main__ - INFO - 
2026-03-02 13:38:20,456 - __main__ - INFO - [12/12] Sequences
2026-03-02 13:38:20,456 - __main__ - INFO - Dependencies: None
2026-03-02 13:38:20,456 - __main__ - INFO - Critical: True
2026-03-02 13:38:20,456 - __main__ - INFO - ----------------------------------------------------------------------
2026-03-02 13:38:20,460 - __main__ - INFO - [OK] Sequences seeded successfully
2026-03-02 13:38:20,460 - __main__ - INFO -   Inserted: 0, Updated: 2
2026-03-02 13:38:20,461 - __main__ - INFO - 
2026-03-02 13:38:20,461 - __main__ - INFO - Committing all changes to database...
2026-03-02 13:38:20,471 - __main__ - INFO - [OK] All changes committed successfully
2026-03-02 13:38:20,471 - __main__ - INFO - 
2026-03-02 13:38:20,471 - __main__ - INFO - ======================================================================
2026-03-02 13:38:20,471 - __main__ - INFO - SEEDING ORCHESTRATION SUMMARY
2026-03-02 13:38:20,472 - __main__ - INFO - ======================================================================
2026-03-02 13:38:20,472 - __main__ - INFO - Total Steps: 12
2026-03-02 13:38:20,472 - __main__ - INFO - Successful: 12
2026-03-02 13:38:20,472 - __main__ - INFO - Failed: 0
2026-03-02 13:38:20,472 - __main__ - INFO - Total Records Inserted: 83
2026-03-02 13:38:20,472 - __main__ - INFO - Total Records Updated: 91
2026-03-02 13:38:20,472 - __main__ - INFO - Duration: 3.64 seconds
2026-03-02 13:38:20,472 - __main__ - INFO - 
2026-03-02 13:38:20,472 - __main__ - INFO - Detailed Results:
2026-03-02 13:38:20,472 - __main__ - INFO - ----------------------------------------------------------------------
2026-03-02 13:38:20,472 - __main__ - INFO - [OK] Roles: Seeding completed
2026-03-02 13:38:20,472 - __main__ - INFO - [OK] Departments: Seeding completed
2026-03-02 13:38:20,472 - __main__ - INFO - [OK] SLAs: Seeding completed
2026-03-02 13:38:20,472 - __main__ - INFO - [OK] Teams: Seeding completed
2026-03-02 13:38:20,472 - __main__ - INFO - [OK] Staff: Seeding completed
2026-03-02 13:38:20,472 - __main__ - INFO - [OK] Lists: Seeding completed
2026-03-02 13:38:20,472 - __main__ - INFO - [OK] List Items: Seeding completed
2026-03-02 13:38:20,472 - __main__ - INFO - [OK] Form Fields: Seeding completed
2026-03-02 13:38:20,472 - __main__ - INFO - [OK] Help Topics: Seeding completed
2026-03-02 13:38:20,472 - __main__ - INFO - [OK] Ticket Statuses: Seeding completed
2026-03-02 13:38:20,472 - __main__ - INFO - [OK] Filters: Seeding completed
2026-03-02 13:38:20,474 - __main__ - INFO - [OK] Sequences: Seeding completed
2026-03-02 13:38:20,474 - __main__ - INFO - ======================================================================
2026-03-02 13:38:20,474 - __main__ - INFO - End Time: 2026-03-02 13:38:20.471019
2026-03-02 13:38:20,474 - __main__ - INFO - ======================================================================
Ô£ô Loaded configuration from: .env
